Warning: KiotaBuilder OpenAPI warning: #/paths/~1analytics~1my/get/parameters/2/schema - The format int32 is not supported by Kiota for the type Integer, String and the string type will be used.
Warning: KiotaBuilder OpenAPI warning: #/paths/~1leads~1intake/get/parameters/17/schema - The format double is not supported by Kiota for the type Number, String and the string type will be used.
Warning: KiotaBuilder OpenAPI warning: #/paths/~1leads~1intake/get/parameters/18/schema - The format double is not supported by Kiota for the type Number, String and the string type will be used.
Warning: KiotaBuilder OpenAPI warning: #/paths/~1notifications~1unread-count/get/responses/200/content/application~1json/schema - The format int32 is not supported by Kiota for the type Integer, String and the string type will be used.
Warning: KiotaBuilder OpenAPI warning: #/paths/~1notifications~1mark-all-read/post/responses/200/content/application~1json/schema - The format int32 is not supported by Kiota for the type Integer, String and the string type will be used.
Warning: KiotaBuilder OpenAPI warning: #/paths/~1sources~1{id}~1metrics/get/parameters/3/schema - The format int32 is not supported by Kiota for the type Integer, String and the string type will be used.
Warning: KiotaBuilder OpenAPI warning: #/paths/~1phone-numbers~1{phoneNumber}~1status/get/parameters/1/schema - The format int32 is not supported by Kiota for the type Integer, String and the string type will be used.
Warning: KiotaBuilder OpenAPI warning: #/paths/~1phone-numbers~1{phoneNumberId}~1warmup/get/parameters/1/schema - The format int32 is not supported by Kiota for the type Integer, String and the string type will be used.
Warning: KiotaBuilder OpenAPI warning: #/paths/~1sms~1media/post - The operation #/paths/~1sms~1media/post has a request body with a complex properties and the url form encoded content type. This is not supported by Kiota and serialization of complex properties will fail.
Warning: KiotaBuilder OpenAPI warning: #/paths/~1sms~1media/post/requestBody/content/application~1x-www-form-urlencoded/schema/properties/Length - The format int64 is not supported by Kiota for the type Integer, String and the string type will be used.
Warning: KiotaBuilder OpenAPI warning: #/components/schemas/ActivationDomainOption/properties/estimatedAnnualCost - The format double is not supported by Kiota for the type Number, String and the string type will be used.
Warning: KiotaBuilder OpenAPI warning: #/components/schemas/AnalyticsComparison/properties/current - The format double is not supported by Kiota for the type Number, String and the string type will be used.
Warning: KiotaBuilder OpenAPI warning: #/components/schemas/AnalyticsComparison/properties/previous - The format double is not supported by Kiota for the type Number, String and the string type will be used.
Warning: KiotaBuilder OpenAPI warning: #/components/schemas/AnalyticsComparison/properties/changePercent - The format double is not supported by Kiota for the type Number, String and the string type will be used.
Warning: KiotaBuilder OpenAPI warning: #/components/schemas/AnalyticsTrendPointOfdecimal/properties/value - The format double is not supported by Kiota for the type Number, String and the string type will be used.
Warning: KiotaBuilder OpenAPI warning: #/components/schemas/AnalyticsTrendPointOfint/properties/value - The format int32 is not supported by Kiota for the type Integer, String and the string type will be used.
Warning: KiotaBuilder OpenAPI warning: #/components/schemas/AutomationAction/properties/order - The format int32 is not supported by Kiota for the type Integer, String and the string type will be used.
Warning: KiotaBuilder OpenAPI warning: #/components/schemas/AutomationActionRunRecord/properties/order - The format int32 is not supported by Kiota for the type Integer, String and the string type will be used.
Warning: KiotaBuilder OpenAPI warning: #/components/schemas/AutomationActionRunRecord/properties/processingAttempts - The format int32 is not supported by Kiota for the type Integer, String and the string type will be used.
Warning: KiotaBuilder OpenAPI warning: #/components/schemas/AutomationRequest/properties/version - The format int32 is not supported by Kiota for the type Integer, String and the string type will be used.
Warning: KiotaBuilder OpenAPI warning: #/components/schemas/AutomationResponse/properties/version - The format int32 is not supported by Kiota for the type Integer, String and the string type will be used.
Warning: KiotaBuilder OpenAPI warning: #/components/schemas/AutomationRunRecord/properties/processingAttempts - The format int32 is not supported by Kiota for the type Integer, String and the string type will be used.
Warning: KiotaBuilder OpenAPI warning: #/components/schemas/AutomationWorkflowActionResponse/properties/stepOrder - The format int32 is not supported by Kiota for the type Integer, String and the string type will be used.
Warning: KiotaBuilder OpenAPI warning: #/components/schemas/AutomationWorkflowActionResponse/properties/retryCount - The format int32 is not supported by Kiota for the type Integer, String and the string type will be used.
Warning: KiotaBuilder OpenAPI warning: #/components/schemas/AutomationWorkflowRunResponse/properties/currentStepOrder - The format int32 is not supported by Kiota for the type Integer, String and the string type will be used.
Warning: KiotaBuilder OpenAPI warning: #/components/schemas/AutomationWorkflowRunResponse/properties/retryCount - The format int32 is not supported by Kiota for the type Integer, String and the string type will be used.
Warning: KiotaBuilder OpenAPI warning: #/components/schemas/AutomationWorkflowRunResponse/properties/maxRetryCount - The format int32 is not supported by Kiota for the type Integer, String and the string type will be used.
Warning: KiotaBuilder OpenAPI warning: #/components/schemas/CallEventTableRow/properties/duration - The format int32 is not supported by Kiota for the type Integer, String and the string type will be used.
Warning: KiotaBuilder OpenAPI warning: #/components/schemas/CallEventTableRow/properties/billableSeconds - The format int32 is not supported by Kiota for the type Integer, String and the string type will be used.
Warning: KiotaBuilder OpenAPI warning: #/components/schemas/CallEventTableRow/properties/billableAmount - The format double is not supported by Kiota for the type Number, String and the string type will be used.
Warning: KiotaBuilder OpenAPI warning: #/components/schemas/Coordinate/properties/latitude - The format double is not supported by Kiota for the type Number, String and the string type will be used.
Warning: KiotaBuilder OpenAPI warning: #/components/schemas/Coordinate/properties/longitude - The format double is not supported by Kiota for the type Number, String and the string type will be used.
Warning: KiotaBuilder OpenAPI warning: #/components/schemas/CustomerAnalyticsSummary/properties/leads - The format int32 is not supported by Kiota for the type Integer, String and the string type will be used.
Warning: KiotaBuilder OpenAPI warning: #/components/schemas/CustomerAnalyticsSummary/properties/averageResponseMinutes - The format double is not supported by Kiota for the type Number, String and the string type will be used.
Warning: KiotaBuilder OpenAPI warning: #/components/schemas/CustomerAnalyticsSummary/properties/medianResponseMinutes - The format double is not supported by Kiota for the type Number, String and the string type will be used.
Warning: KiotaBuilder OpenAPI warning: #/components/schemas/CustomerAnalyticsSummary/properties/respondedWithinFiveMinutesPercent - The format double is not supported by Kiota for the type Number, String and the string type will be used.
Warning: KiotaBuilder OpenAPI warning: #/components/schemas/CustomerAnalyticsSummary/properties/missedLeads - The format int32 is not supported by Kiota for the type Integer, String and the string type will be used.
Warning: KiotaBuilder OpenAPI warning: #/components/schemas/CustomerAnalyticsSummary/properties/unreadMessages - The format int32 is not supported by Kiota for the type Integer, String and the string type will be used.
Warning: KiotaBuilder OpenAPI warning: #/components/schemas/CustomerAnalyticsSummary/properties/missedCalls - The format int32 is not supported by Kiota for the type Integer, String and the string type will be used.
Warning: KiotaBuilder OpenAPI warning: #/components/schemas/CustomerAnalyticsSummary/properties/smsSent - The format int32 is not supported by Kiota for the type Integer, String and the string type will be used.
Warning: KiotaBuilder OpenAPI warning: #/components/schemas/CustomerAnalyticsSummary/properties/smsReceived - The format int32 is not supported by Kiota for the type Integer, String and the string type will be used.
Warning: KiotaBuilder OpenAPI warning: #/components/schemas/CustomerAnalyticsSummary/properties/callsPlaced - The format int32 is not supported by Kiota for the type Integer, String and the string type will be used.
Warning: KiotaBuilder OpenAPI warning: #/components/schemas/CustomerAnalyticsSummary/properties/callsReceived - The format int32 is not supported by Kiota for the type Integer, String and the string type will be used.
Warning: KiotaBuilder OpenAPI warning: #/components/schemas/CustomerAnalyticsSummary/properties/callMinutes - The format double is not supported by Kiota for the type Number, String and the string type will be used.
Warning: KiotaBuilder OpenAPI warning: #/components/schemas/CustomerAnalyticsSummary/properties/usageSpend - The format double is not supported by Kiota for the type Number, String and the string type will be used.
Warning: KiotaBuilder OpenAPI warning: #/components/schemas/CustomerAnalyticsSummary/properties/walletBalance - The format double is not supported by Kiota for the type Number, String and the string type will be used.
Warning: KiotaBuilder OpenAPI warning: #/components/schemas/CustomerAutomationHealth/properties/automationCount - The format int32 is not supported by Kiota for the type Integer, String and the string type will be used.
Warning: KiotaBuilder OpenAPI warning: #/components/schemas/CustomerAutomationHealth/properties/enabledCount - The format int32 is not supported by Kiota for the type Integer, String and the string type will be used.
Warning: KiotaBuilder OpenAPI warning: #/components/schemas/CustomerAutomationHealth/properties/executions - The format int32 is not supported by Kiota for the type Integer, String and the string type will be used.
Warning: KiotaBuilder OpenAPI warning: #/components/schemas/CustomerAutomationHealth/properties/successCount - The format int32 is not supported by Kiota for the type Integer, String and the string type will be used.
Warning: KiotaBuilder OpenAPI warning: #/components/schemas/CustomerAutomationHealth/properties/failureCount - The format int32 is not supported by Kiota for the type Integer, String and the string type will be used.
Warning: KiotaBuilder OpenAPI warning: #/components/schemas/CustomerCommunicationUsage/properties/smsSent - The format int32 is not supported by Kiota for the type Integer, String and the string type will be used.
Warning: KiotaBuilder OpenAPI warning: #/components/schemas/CustomerCommunicationUsage/properties/smsReceived - The format int32 is not supported by Kiota for the type Integer, String and the string type will be used.
Warning: KiotaBuilder OpenAPI warning: #/components/schemas/CustomerCommunicationUsage/properties/failedOrBlockedSms - The format int32 is not supported by Kiota for the type Integer, String and the string type will be used.
Warning: KiotaBuilder OpenAPI warning: #/components/schemas/CustomerCommunicationUsage/properties/callsPlaced - The format int32 is not supported by Kiota for the type Integer, String and the string type will be used.
Warning: KiotaBuilder OpenAPI warning: #/components/schemas/CustomerCommunicationUsage/properties/callsReceived - The format int32 is not supported by Kiota for the type Integer, String and the string type will be used.
Warning: KiotaBuilder OpenAPI warning: #/components/schemas/CustomerCommunicationUsage/properties/answeredCalls - The format int32 is not supported by Kiota for the type Integer, String and the string type will be used.
Warning: KiotaBuilder OpenAPI warning: #/components/schemas/CustomerCommunicationUsage/properties/missedCalls - The format int32 is not supported by Kiota for the type Integer, String and the string type will be used.
Warning: KiotaBuilder OpenAPI warning: #/components/schemas/CustomerCommunicationUsage/properties/callMinutes - The format double is not supported by Kiota for the type Number, String and the string type will be used.
Warning: KiotaBuilder OpenAPI warning: #/components/schemas/CustomerCommunicationUsage/properties/usageSpend - The format double is not supported by Kiota for the type Number, String and the string type will be used.
Warning: KiotaBuilder OpenAPI warning: #/components/schemas/CustomerCommunicationUsagePoint/properties/smsSent - The format int32 is not supported by Kiota for the type Integer, String and the string type will be used.
Warning: KiotaBuilder OpenAPI warning: #/components/schemas/CustomerCommunicationUsagePoint/properties/smsReceived - The format int32 is not supported by Kiota for the type Integer, String and the string type will be used.
Warning: KiotaBuilder OpenAPI warning: #/components/schemas/CustomerCommunicationUsagePoint/properties/calls - The format int32 is not supported by Kiota for the type Integer, String and the string type will be used.
Warning: KiotaBuilder OpenAPI warning: #/components/schemas/CustomerCommunicationUsagePoint/properties/callMinutes - The format double is not supported by Kiota for the type Number, String and the string type will be used.
Warning: KiotaBuilder OpenAPI warning: #/components/schemas/CustomerCommunicationUsagePoint/properties/spend - The format double is not supported by Kiota for the type Number, String and the string type will be used.
Warning: KiotaBuilder OpenAPI warning: #/components/schemas/CustomerLeadSourceBreakdown/properties/leads - The format int32 is not supported by Kiota for the type Integer, String and the string type will be used.
Warning: KiotaBuilder OpenAPI warning: #/components/schemas/CustomerLeadSourceBreakdown/properties/percent - The format double is not supported by Kiota for the type Number, String and the string type will be used.
Warning: KiotaBuilder OpenAPI warning: #/components/schemas/CustomerLeadTrend/properties/total - The format int32 is not supported by Kiota for the type Integer, String and the string type will be used.
Warning: KiotaBuilder OpenAPI warning: #/components/schemas/CustomerResponseMetrics/properties/averageMinutes - The format double is not supported by Kiota for the type Number, String and the string type will be used.
Warning: KiotaBuilder OpenAPI warning: #/components/schemas/CustomerResponseMetrics/properties/medianMinutes - The format double is not supported by Kiota for the type Number, String and the string type will be used.
Warning: KiotaBuilder OpenAPI warning: #/components/schemas/CustomerResponseMetrics/properties/respondedWithinFiveMinutesPercent - The format double is not supported by Kiota for the type Number, String and the string type will be used.
Warning: KiotaBuilder OpenAPI warning: #/components/schemas/CustomerResponseMetrics/properties/respondedLeads - The format int32 is not supported by Kiota for the type Integer, String and the string type will be used.
Warning: KiotaBuilder OpenAPI warning: #/components/schemas/CustomerResponseMetrics/properties/unrespondedLeads - The format int32 is not supported by Kiota for the type Integer, String and the string type will be used.
Warning: KiotaBuilder OpenAPI warning: #/components/schemas/CustomerResponseMetrics/properties/unreadMessages - The format int32 is not supported by Kiota for the type Integer, String and the string type will be used.
Warning: KiotaBuilder OpenAPI warning: #/components/schemas/CustomerResponseMetrics/properties/missedCalls - The format int32 is not supported by Kiota for the type Integer, String and the string type will be used.
Warning: KiotaBuilder OpenAPI warning: #/components/schemas/EventTableRow/properties/billableAmount - The format double is not supported by Kiota for the type Number, String and the string type will be used.
Warning: KiotaBuilder OpenAPI warning: #/components/schemas/EventTableRow/properties/retryCount - The format int32 is not supported by Kiota for the type Integer, String and the string type will be used.
Warning: KiotaBuilder OpenAPI warning: #/components/schemas/LeadIntakeRequest/properties/directPostPrice - The format double is not supported by Kiota for the type Number, String and the string type will be used.
Warning: KiotaBuilder OpenAPI warning: #/components/schemas/LeadIntakeRequest/properties/price - The format double is not supported by Kiota for the type Number, String and the string type will be used.
Warning: KiotaBuilder OpenAPI warning: #/components/schemas/LeadMetadata/properties/price - The format double is not supported by Kiota for the type Number, String and the string type will be used.
Warning: KiotaBuilder OpenAPI warning: #/components/schemas/LeadMetadata/properties/directPostPrice - The format double is not supported by Kiota for the type Number, String and the string type will be used.
Warning: KiotaBuilder OpenAPI warning: #/components/schemas/LeadProfile/properties/height - The format int32 is not supported by Kiota for the type Integer, String and the string type will be used.
Warning: KiotaBuilder OpenAPI warning: #/components/schemas/LeadProfile/properties/weight - The format int32 is not supported by Kiota for the type Integer, String and the string type will be used.
Warning: KiotaBuilder OpenAPI warning: #/components/schemas/LeadProfile/properties/income - The format int32 is not supported by Kiota for the type Integer, String and the string type will be used.
Warning: KiotaBuilder OpenAPI warning: #/components/schemas/LeadProfile/properties/monthsAtResidence - The format int32 is not supported by Kiota for the type Integer, String and the string type will be used.
Warning: KiotaBuilder OpenAPI warning: #/components/schemas/LeadProfile/properties/creditScore - The format int32 is not supported by Kiota for the type Integer, String and the string type will be used.
Warning: KiotaBuilder OpenAPI warning: #/components/schemas/LeadProfile/properties/numberOfDependents - The format int32 is not supported by Kiota for the type Integer, String and the string type will be used.
Warning: KiotaBuilder OpenAPI warning: #/components/schemas/LeadStatusRequest/properties/sortOrder - The format int32 is not supported by Kiota for the type Integer, String and the string type will be used.
Warning: KiotaBuilder OpenAPI warning: #/components/schemas/LeadStatusResponse/properties/sortOrder - The format int32 is not supported by Kiota for the type Integer, String and the string type will be used.
Warning: KiotaBuilder OpenAPI warning: #/components/schemas/LeadTableRow/properties/price - The format double is not supported by Kiota for the type Number, String and the string type will be used.
Warning: KiotaBuilder OpenAPI warning: #/components/schemas/MessageMediaAttachment/properties/size - The format int64 is not supported by Kiota for the type Integer, String and the string type will be used.
Warning: KiotaBuilder OpenAPI warning: #/components/schemas/OrganizationActivationState/properties/domainSearchAttempt - The format int32 is not supported by Kiota for the type Integer, String and the string type will be used.
Warning: KiotaBuilder OpenAPI warning: #/components/schemas/OrganizationActivationState/properties/availableDomainCount - The format int32 is not supported by Kiota for the type Integer, String and the string type will be used.
Warning: KiotaBuilder OpenAPI warning: #/components/schemas/OrganizationBillingState/properties/phoneNumberQuantity - The format int64 is not supported by Kiota for the type Integer, String and the string type will be used.
Warning: KiotaBuilder OpenAPI warning: #/components/schemas/OrganizationBillingState/properties/organizationMemberQuantity - The format int64 is not supported by Kiota for the type Integer, String and the string type will be used.
Warning: KiotaBuilder OpenAPI warning: #/components/schemas/OrganizationBillingState/properties/organizationMemberAssignedQuantity - The format int64 is not supported by Kiota for the type Integer, String and the string type will be used.
Warning: KiotaBuilder OpenAPI warning: #/components/schemas/OrganizationDunningInfo/properties/retryAttemptCount - The format int32 is not supported by Kiota for the type Integer, String and the string type will be used.
Warning: KiotaBuilder OpenAPI warning: #/components/schemas/OrganizationInvitationResponse/properties/licenseQuantity - The format int64 is not supported by Kiota for the type Integer, String and the string type will be used.
Warning: KiotaBuilder OpenAPI warning: #/components/schemas/OrganizationInvitationTableRow/properties/licenseQuantity - The format int64 is not supported by Kiota for the type Integer, String and the string type will be used.
Warning: KiotaBuilder OpenAPI warning: #/components/schemas/OrganizationMemberResponse/properties/licenseQuantity - The format int64 is not supported by Kiota for the type Integer, String and the string type will be used.
Warning: KiotaBuilder OpenAPI warning: #/components/schemas/OrganizationRequest/properties/autoRefillAmount - The format double is not supported by Kiota for the type Number, String and the string type will be used.
Warning: KiotaBuilder OpenAPI warning: #/components/schemas/OrganizationRequest/properties/autoRefillTrigger - The format double is not supported by Kiota for the type Number, String and the string type will be used.
Warning: KiotaBuilder OpenAPI warning: #/components/schemas/OrganizationResponse/properties/accountBalance - The format double is not supported by Kiota for the type Number, String and the string type will be used.
Warning: KiotaBuilder OpenAPI warning: #/components/schemas/OrganizationResponse/properties/autoRefillAmount - The format double is not supported by Kiota for the type Number, String and the string type will be used.
Warning: KiotaBuilder OpenAPI warning: #/components/schemas/OrganizationResponse/properties/autoRefillTrigger - The format double is not supported by Kiota for the type Number, String and the string type will be used.
Warning: KiotaBuilder OpenAPI warning: #/components/schemas/OrganizationTableRow/properties/userCount - The format int32 is not supported by Kiota for the type Integer, String and the string type will be used.
Warning: KiotaBuilder OpenAPI warning: #/components/schemas/OrganizationTableRow/properties/accountBalance - The format double is not supported by Kiota for the type Number, String and the string type will be used.
Warning: KiotaBuilder OpenAPI warning: #/components/schemas/OrganizationTableRow/properties/apiKeyTotalUses - The format int64 is not supported by Kiota for the type Integer, String and the string type will be used.
Warning: KiotaBuilder OpenAPI warning: #/components/schemas/OutboundCapacityOverview/properties/smsCapacityRemainingToday - The format int32 is not supported by Kiota for the type Integer, String and the string type will be used.
Warning: KiotaBuilder OpenAPI warning: #/components/schemas/OutboundCapacityOverview/properties/voiceCapacityRemainingToday - The format int32 is not supported by Kiota for the type Integer, String and the string type will be used.
Warning: KiotaBuilder OpenAPI warning: #/components/schemas/OutboundCapacityOverview/properties/healthyPhoneNumbers - The format int32 is not supported by Kiota for the type Integer, String and the string type will be used.
Warning: KiotaBuilder OpenAPI warning: #/components/schemas/OutboundCapacityOverview/properties/limitedPhoneNumbers - The format int32 is not supported by Kiota for the type Integer, String and the string type will be used.
Warning: KiotaBuilder OpenAPI warning: #/components/schemas/OutboundCapacityOverview/properties/coolingPhoneNumbers - The format int32 is not supported by Kiota for the type Integer, String and the string type will be used.
Warning: KiotaBuilder OpenAPI warning: #/components/schemas/OutboundCapacityOverview/properties/rampingPhoneNumbers - The format int32 is not supported by Kiota for the type Integer, String and the string type will be used.
Warning: KiotaBuilder OpenAPI warning: #/components/schemas/OutboundCapacityOverview/properties/scheduledCount - The format int32 is not supported by Kiota for the type Integer, String and the string type will be used.
Warning: KiotaBuilder OpenAPI warning: #/components/schemas/OutboundCapacityOverview/properties/blockedCount - The format int32 is not supported by Kiota for the type Integer, String and the string type will be used.
Warning: KiotaBuilder OpenAPI warning: #/components/schemas/OutboundPhoneNumberCapacity/properties/smsRemainingThisMinute - The format int32 is not supported by Kiota for the type Integer, String and the string type will be used.
Warning: KiotaBuilder OpenAPI warning: #/components/schemas/OutboundPhoneNumberCapacity/properties/smsUsedThisMinute - The format int32 is not supported by Kiota for the type Integer, String and the string type will be used.
Warning: KiotaBuilder OpenAPI warning: #/components/schemas/OutboundPhoneNumberCapacity/properties/smsLimitThisMinute - The format int32 is not supported by Kiota for the type Integer, String and the string type will be used.
Warning: KiotaBuilder OpenAPI warning: #/components/schemas/OutboundPhoneNumberCapacity/properties/smsRemainingToday - The format int32 is not supported by Kiota for the type Integer, String and the string type will be used.
Warning: KiotaBuilder OpenAPI warning: #/components/schemas/OutboundPhoneNumberCapacity/properties/smsUsedToday - The format int32 is not supported by Kiota for the type Integer, String and the string type will be used.
Warning: KiotaBuilder OpenAPI warning: #/components/schemas/OutboundPhoneNumberCapacity/properties/smsLimitToday - The format int32 is not supported by Kiota for the type Integer, String and the string type will be used.
Warning: KiotaBuilder OpenAPI warning: #/components/schemas/OutboundPhoneNumberCapacity/properties/smsRemainingThisHour - The format int32 is not supported by Kiota for the type Integer, String and the string type will be used.
Warning: KiotaBuilder OpenAPI warning: #/components/schemas/OutboundPhoneNumberCapacity/properties/smsUsedThisHour - The format int32 is not supported by Kiota for the type Integer, String and the string type will be used.
Warning: KiotaBuilder OpenAPI warning: #/components/schemas/OutboundPhoneNumberCapacity/properties/smsLimitThisHour - The format int32 is not supported by Kiota for the type Integer, String and the string type will be used.
Warning: KiotaBuilder OpenAPI warning: #/components/schemas/OutboundPhoneNumberCapacity/properties/voiceRemainingThisMinute - The format int32 is not supported by Kiota for the type Integer, String and the string type will be used.
Warning: KiotaBuilder OpenAPI warning: #/components/schemas/OutboundPhoneNumberCapacity/properties/voiceUsedThisMinute - The format int32 is not supported by Kiota for the type Integer, String and the string type will be used.
Warning: KiotaBuilder OpenAPI warning: #/components/schemas/OutboundPhoneNumberCapacity/properties/voiceLimitThisMinute - The format int32 is not supported by Kiota for the type Integer, String and the string type will be used.
Warning: KiotaBuilder OpenAPI warning: #/components/schemas/OutboundPhoneNumberCapacity/properties/voiceRemainingToday - The format int32 is not supported by Kiota for the type Integer, String and the string type will be used.
Warning: KiotaBuilder OpenAPI warning: #/components/schemas/OutboundPhoneNumberCapacity/properties/voiceUsedToday - The format int32 is not supported by Kiota for the type Integer, String and the string type will be used.
Warning: KiotaBuilder OpenAPI warning: #/components/schemas/OutboundPhoneNumberCapacity/properties/voiceLimitToday - The format int32 is not supported by Kiota for the type Integer, String and the string type will be used.
Warning: KiotaBuilder OpenAPI warning: #/components/schemas/OutboundPhoneNumberCapacity/properties/voiceRemainingThisHour - The format int32 is not supported by Kiota for the type Integer, String and the string type will be used.
Warning: KiotaBuilder OpenAPI warning: #/components/schemas/OutboundPhoneNumberCapacity/properties/voiceUsedThisHour - The format int32 is not supported by Kiota for the type Integer, String and the string type will be used.
Warning: KiotaBuilder OpenAPI warning: #/components/schemas/OutboundPhoneNumberCapacity/properties/voiceLimitThisHour - The format int32 is not supported by Kiota for the type Integer, String and the string type will be used.
Warning: KiotaBuilder OpenAPI warning: #/components/schemas/PagedResultOfAutomationTableRow/properties/pageSize - The format int32 is not supported by Kiota for the type Integer, String and the string type will be used.
Warning: KiotaBuilder OpenAPI warning: #/components/schemas/PagedResultOfAutomationTableRow/properties/totalCount - The format int32 is not supported by Kiota for the type Integer, String and the string type will be used.
Warning: KiotaBuilder OpenAPI warning: #/components/schemas/PagedResultOfCallEventTableRow/properties/pageSize - The format int32 is not supported by Kiota for the type Integer, String and the string type will be used.
Warning: KiotaBuilder OpenAPI warning: #/components/schemas/PagedResultOfCallEventTableRow/properties/totalCount - The format int32 is not supported by Kiota for the type Integer, String and the string type will be used.
Warning: KiotaBuilder OpenAPI warning: #/components/schemas/PagedResultOfConversationResponse/properties/pageSize - The format int32 is not supported by Kiota for the type Integer, String and the string type will be used.
Warning: KiotaBuilder OpenAPI warning: #/components/schemas/PagedResultOfConversationResponse/properties/totalCount - The format int32 is not supported by Kiota for the type Integer, String and the string type will be used.
Warning: KiotaBuilder OpenAPI warning: #/components/schemas/PagedResultOfEventTableRow/properties/pageSize - The format int32 is not supported by Kiota for the type Integer, String and the string type will be used.
Warning: KiotaBuilder OpenAPI warning: #/components/schemas/PagedResultOfEventTableRow/properties/totalCount - The format int32 is not supported by Kiota for the type Integer, String and the string type will be used.
Warning: KiotaBuilder OpenAPI warning: #/components/schemas/PagedResultOfLeadStatusChangeResponse/properties/pageSize - The format int32 is not supported by Kiota for the type Integer, String and the string type will be used.
Warning: KiotaBuilder OpenAPI warning: #/components/schemas/PagedResultOfLeadStatusChangeResponse/properties/totalCount - The format int32 is not supported by Kiota for the type Integer, String and the string type will be used.
Warning: KiotaBuilder OpenAPI warning: #/components/schemas/PagedResultOfLeadTableRow/properties/pageSize - The format int32 is not supported by Kiota for the type Integer, String and the string type will be used.
Warning: KiotaBuilder OpenAPI warning: #/components/schemas/PagedResultOfLeadTableRow/properties/totalCount - The format int32 is not supported by Kiota for the type Integer, String and the string type will be used.
Warning: KiotaBuilder OpenAPI warning: #/components/schemas/PagedResultOfNotificationTableRow/properties/pageSize - The format int32 is not supported by Kiota for the type Integer, String and the string type will be used.
Warning: KiotaBuilder OpenAPI warning: #/components/schemas/PagedResultOfNotificationTableRow/properties/totalCount - The format int32 is not supported by Kiota for the type Integer, String and the string type will be used.
Warning: KiotaBuilder OpenAPI warning: #/components/schemas/PagedResultOfOrganizationTableRow/properties/pageSize - The format int32 is not supported by Kiota for the type Integer, String and the string type will be used.
Warning: KiotaBuilder OpenAPI warning: #/components/schemas/PagedResultOfOrganizationTableRow/properties/totalCount - The format int32 is not supported by Kiota for the type Integer, String and the string type will be used.
Warning: KiotaBuilder OpenAPI warning: #/components/schemas/PagedResultOfPhoneNumberTableRow/properties/pageSize - The format int32 is not supported by Kiota for the type Integer, String and the string type will be used.
Warning: KiotaBuilder OpenAPI warning: #/components/schemas/PagedResultOfPhoneNumberTableRow/properties/totalCount - The format int32 is not supported by Kiota for the type Integer, String and the string type will be used.
Warning: KiotaBuilder OpenAPI warning: #/components/schemas/PagedResultOfSmsEventTableRow/properties/pageSize - The format int32 is not supported by Kiota for the type Integer, String and the string type will be used.
Warning: KiotaBuilder OpenAPI warning: #/components/schemas/PagedResultOfSmsEventTableRow/properties/totalCount - The format int32 is not supported by Kiota for the type Integer, String and the string type will be used.
Warning: KiotaBuilder OpenAPI warning: #/components/schemas/PagedResultOfSourceTableRow/properties/pageSize - The format int32 is not supported by Kiota for the type Integer, String and the string type will be used.
Warning: KiotaBuilder OpenAPI warning: #/components/schemas/PagedResultOfSourceTableRow/properties/totalCount - The format int32 is not supported by Kiota for the type Integer, String and the string type will be used.
Warning: KiotaBuilder OpenAPI warning: #/components/schemas/PagedResultOfSuppressionEntryResponse/properties/pageSize - The format int32 is not supported by Kiota for the type Integer, String and the string type will be used.
Warning: KiotaBuilder OpenAPI warning: #/components/schemas/PagedResultOfSuppressionEntryResponse/properties/totalCount - The format int32 is not supported by Kiota for the type Integer, String and the string type will be used.
Warning: KiotaBuilder OpenAPI warning: #/components/schemas/PagedResultOfTransactionTableRow/properties/pageSize - The format int32 is not supported by Kiota for the type Integer, String and the string type will be used.
Warning: KiotaBuilder OpenAPI warning: #/components/schemas/PagedResultOfTransactionTableRow/properties/totalCount - The format int32 is not supported by Kiota for the type Integer, String and the string type will be used.
Warning: KiotaBuilder OpenAPI warning: #/components/schemas/PagedResultOfUsageLedgerTableRow/properties/pageSize - The format int32 is not supported by Kiota for the type Integer, String and the string type will be used.
Warning: KiotaBuilder OpenAPI warning: #/components/schemas/PagedResultOfUsageLedgerTableRow/properties/totalCount - The format int32 is not supported by Kiota for the type Integer, String and the string type will be used.
Warning: KiotaBuilder OpenAPI warning: #/components/schemas/PhoneCallResponse/properties/durationSeconds - The format int32 is not supported by Kiota for the type Integer, String and the string type will be used.
Warning: KiotaBuilder OpenAPI warning: #/components/schemas/PhoneCallResponse/properties/billableAmount - The format double is not supported by Kiota for the type Number, String and the string type will be used.
Warning: KiotaBuilder OpenAPI warning: #/components/schemas/PhoneLookupProviderSnapshot/properties/schemaVersion - The format int32 is not supported by Kiota for the type Integer, String and the string type will be used.
Warning: KiotaBuilder OpenAPI warning: #/components/schemas/PhoneNumberAvailabilityResponse/properties/price - The format double is not supported by Kiota for the type Number, String and the string type will be used.
Warning: KiotaBuilder OpenAPI warning: #/components/schemas/PhoneNumberOptOutMetricsResponse/properties/windowDays - The format int32 is not supported by Kiota for the type Integer, String and the string type will be used.
Warning: KiotaBuilder OpenAPI warning: #/components/schemas/PhoneNumberOptOutMetricsResponse/properties/distinctContactedCount - The format int32 is not supported by Kiota for the type Integer, String and the string type will be used.
Warning: KiotaBuilder OpenAPI warning: #/components/schemas/PhoneNumberOptOutMetricsResponse/properties/optOutCount - The format int32 is not supported by Kiota for the type Integer, String and the string type will be used.
Warning: KiotaBuilder OpenAPI warning: #/components/schemas/PhoneNumberOptOutMetricsResponse/properties/optOutRatePercent - The format double is not supported by Kiota for the type Number, String and the string type will be used.
Warning: KiotaBuilder OpenAPI warning: #/components/schemas/PhoneNumberReadiness/properties/healthScore - The format int32 is not supported by Kiota for the type Integer, String and the string type will be used.
Warning: KiotaBuilder OpenAPI warning: #/components/schemas/PhoneNumberReadiness/properties/progressPercent - The format int32 is not supported by Kiota for the type Integer, String and the string type will be used.
Warning: KiotaBuilder OpenAPI warning: #/components/schemas/PhoneNumberStatusResponse/properties/messagesPossible - The format int32 is not supported by Kiota for the type Integer, String and the string type will be used.
Warning: KiotaBuilder OpenAPI warning: #/components/schemas/PhoneNumberStatusResponse/properties/callsPossible - The format int32 is not supported by Kiota for the type Integer, String and the string type will be used.
Warning: KiotaBuilder OpenAPI warning: #/components/schemas/PhoneNumberTrafficMetricsResponse/properties/windowDays - The format int32 is not supported by Kiota for the type Integer, String and the string type will be used.
Warning: KiotaBuilder OpenAPI warning: #/components/schemas/PhoneNumberTrafficMetricsResponse/properties/smsSentCount - The format int32 is not supported by Kiota for the type Integer, String and the string type will be used.
Warning: KiotaBuilder OpenAPI warning: #/components/schemas/PhoneNumberTrafficMetricsResponse/properties/smsFailedCount - The format int32 is not supported by Kiota for the type Integer, String and the string type will be used.
Warning: KiotaBuilder OpenAPI warning: #/components/schemas/PhoneNumberTrafficMetricsResponse/properties/mmsSentCount - The format int32 is not supported by Kiota for the type Integer, String and the string type will be used.
Warning: KiotaBuilder OpenAPI warning: #/components/schemas/PhoneNumberTrafficMetricsResponse/properties/mmsFailedCount - The format int32 is not supported by Kiota for the type Integer, String and the string type will be used.
Warning: KiotaBuilder OpenAPI warning: #/components/schemas/PhoneNumberTrafficMetricsResponse/properties/callPlacedCount - The format int32 is not supported by Kiota for the type Integer, String and the string type will be used.
Warning: KiotaBuilder OpenAPI warning: #/components/schemas/PhoneNumberTrafficMetricsResponse/properties/callFailedCount - The format int32 is not supported by Kiota for the type Integer, String and the string type will be used.
Warning: KiotaBuilder OpenAPI warning: #/components/schemas/PhoneNumberTrafficMetricsResponse/properties/callConnectedCount - The format int32 is not supported by Kiota for the type Integer, String and the string type will be used.
Warning: KiotaBuilder OpenAPI warning: #/components/schemas/PhoneNumberTrafficMetricsResponse/properties/callShortCount - The format int32 is not supported by Kiota for the type Integer, String and the string type will be used.
Warning: KiotaBuilder OpenAPI warning: #/components/schemas/PhoneNumberTrafficMetricsResponse/properties/callInvalidNumberCount - The format int32 is not supported by Kiota for the type Integer, String and the string type will be used.
Warning: KiotaBuilder OpenAPI warning: #/components/schemas/PhoneNumberTrafficTrendPoint/properties/smsSentCount - The format int32 is not supported by Kiota for the type Integer, String and the string type will be used.
Warning: KiotaBuilder OpenAPI warning: #/components/schemas/PhoneNumberTrafficTrendPoint/properties/smsFailedCount - The format int32 is not supported by Kiota for the type Integer, String and the string type will be used.
Warning: KiotaBuilder OpenAPI warning: #/components/schemas/PhoneNumberTrafficTrendPoint/properties/mmsSentCount - The format int32 is not supported by Kiota for the type Integer, String and the string type will be used.
Warning: KiotaBuilder OpenAPI warning: #/components/schemas/PhoneNumberTrafficTrendPoint/properties/mmsFailedCount - The format int32 is not supported by Kiota for the type Integer, String and the string type will be used.
Warning: KiotaBuilder OpenAPI warning: #/components/schemas/PhoneNumberTrafficTrendPoint/properties/callPlacedCount - The format int32 is not supported by Kiota for the type Integer, String and the string type will be used.
Warning: KiotaBuilder OpenAPI warning: #/components/schemas/PhoneNumberTrafficTrendPoint/properties/callFailedCount - The format int32 is not supported by Kiota for the type Integer, String and the string type will be used.
Warning: KiotaBuilder OpenAPI warning: #/components/schemas/ProblemDetails/properties/status - The format int32 is not supported by Kiota for the type Integer, String and the string type will be used.
Warning: KiotaBuilder OpenAPI warning: #/components/schemas/RequestDataOptions/properties/pageSize - The format int32 is not supported by Kiota for the type Integer, String and the string type will be used.
Warning: KiotaBuilder OpenAPI warning: #/components/schemas/SmsEventTableRow/properties/billableAmount - The format double is not supported by Kiota for the type Number, String and the string type will be used.
Warning: KiotaBuilder OpenAPI warning: #/components/schemas/SmsReadinessStatusResponse/properties/healthScore - The format int32 is not supported by Kiota for the type Integer, String and the string type will be used.
Warning: KiotaBuilder OpenAPI warning: #/components/schemas/SmsReadinessStatusResponse/properties/progressPercent - The format int32 is not supported by Kiota for the type Integer, String and the string type will be used.
Warning: KiotaBuilder OpenAPI warning: #/components/schemas/SmsResponse/properties/retryCount - The format int32 is not supported by Kiota for the type Integer, String and the string type will be used.
Warning: KiotaBuilder OpenAPI warning: #/components/schemas/SmsResponse/properties/billableAmount - The format double is not supported by Kiota for the type Number, String and the string type will be used.
Warning: KiotaBuilder OpenAPI warning: #/components/schemas/SourceMetricsResponse/properties/totalLeads - The format int32 is not supported by Kiota for the type Integer, String and the string type will be used.
Warning: KiotaBuilder OpenAPI warning: #/components/schemas/SourceRequest/properties/costPerLead - The format double is not supported by Kiota for the type Number, String and the string type will be used.
Warning: KiotaBuilder OpenAPI warning: #/components/schemas/SourceResponse/properties/costPerLead - The format double is not supported by Kiota for the type Number, String and the string type will be used.
Warning: KiotaBuilder OpenAPI warning: #/components/schemas/SourceTableRow/properties/apiKeyTotalUses - The format int64 is not supported by Kiota for the type Integer, String and the string type will be used.
Warning: KiotaBuilder OpenAPI warning: #/components/schemas/SourceTableRow/properties/costPerLead - The format double is not supported by Kiota for the type Number, String and the string type will be used.
Warning: KiotaBuilder OpenAPI warning: #/components/schemas/StripeInvoiceResponse/properties/amount - The format double is not supported by Kiota for the type Number, String and the string type will be used.
Warning: KiotaBuilder OpenAPI warning: #/components/schemas/StripePaymentMethodResponse/properties/expMonth - The format int32 is not supported by Kiota for the type Integer, String and the string type will be used.
Warning: KiotaBuilder OpenAPI warning: #/components/schemas/StripePaymentMethodResponse/properties/expYear - The format int32 is not supported by Kiota for the type Integer, String and the string type will be used.
Warning: KiotaBuilder OpenAPI warning: #/components/schemas/TenDlcApplicationDraft/properties/expectedMonthlyVolume - The format int32 is not supported by Kiota for the type Integer, String and the string type will be used.
Warning: KiotaBuilder OpenAPI warning: #/components/schemas/TenDlcApplicationDraft/properties/version - The format int32 is not supported by Kiota for the type Integer, String and the string type will be used.
Warning: KiotaBuilder OpenAPI warning: #/components/schemas/TransactionResponse/properties/amount - The format double is not supported by Kiota for the type Number, String and the string type will be used.
Warning: KiotaBuilder OpenAPI warning: #/components/schemas/TransactionResponse/properties/netAmount - The format double is not supported by Kiota for the type Number, String and the string type will be used.
Warning: KiotaBuilder OpenAPI warning: #/components/schemas/TransactionResponse/properties/billedAmount - The format double is not supported by Kiota for the type Number, String and the string type will be used.
Warning: KiotaBuilder OpenAPI warning: #/components/schemas/TransactionResponse/properties/gatewayFeeAmount - The format double is not supported by Kiota for the type Number, String and the string type will be used.
Warning: KiotaBuilder OpenAPI warning: #/components/schemas/TransactionResponse/properties/platformFeeAmount - The format double is not supported by Kiota for the type Number, String and the string type will be used.
Warning: KiotaBuilder OpenAPI warning: #/components/schemas/TransactionTableRow/properties/amount - The format double is not supported by Kiota for the type Number, String and the string type will be used.
Warning: KiotaBuilder OpenAPI warning: #/components/schemas/TransactionTableRow/properties/netAmount - The format double is not supported by Kiota for the type Number, String and the string type will be used.
Warning: KiotaBuilder OpenAPI warning: #/components/schemas/TransactionTableRow/properties/billedAmount - The format double is not supported by Kiota for the type Number, String and the string type will be used.
Warning: KiotaBuilder OpenAPI warning: #/components/schemas/TransactionTableRow/properties/quantity - The format double is not supported by Kiota for the type Number, String and the string type will be used.
Warning: KiotaBuilder OpenAPI warning: #/components/schemas/TransactionTableRow/properties/unitPrice - The format double is not supported by Kiota for the type Number, String and the string type will be used.
Warning: KiotaBuilder OpenAPI warning: #/components/schemas/UsageCounterLine/properties/value - The format double is not supported by Kiota for the type Number, String and the string type will be used.
Warning: KiotaBuilder OpenAPI warning: #/components/schemas/UsageCounterLine/properties/sortOrder - The format int32 is not supported by Kiota for the type Integer, String and the string type will be used.
Warning: KiotaBuilder OpenAPI warning: #/components/schemas/UsageLedgerTableRow/properties/quantity - The format double is not supported by Kiota for the type Number, String and the string type will be used.
Warning: KiotaBuilder OpenAPI warning: #/components/schemas/UsageLedgerTableRow/properties/durationSeconds - The format int32 is not supported by Kiota for the type Integer, String and the string type will be used.
Warning: KiotaBuilder OpenAPI warning: #/components/schemas/UsageLedgerTableRow/properties/billableSeconds - The format int32 is not supported by Kiota for the type Integer, String and the string type will be used.
Warning: KiotaBuilder OpenAPI warning: #/components/schemas/UsageLedgerTableRow/properties/smsSegments - The format int32 is not supported by Kiota for the type Integer, String and the string type will be used.
Warning: KiotaBuilder OpenAPI warning: #/components/schemas/UsageLedgerTableRow/properties/unitPrice - The format double is not supported by Kiota for the type Number, String and the string type will be used.
Warning: KiotaBuilder OpenAPI warning: #/components/schemas/UsageLedgerTableRow/properties/customerChargeAmount - The format double is not supported by Kiota for the type Number, String and the string type will be used.
Warning: KiotaBuilder OpenAPI warning: #/components/schemas/UsageSummaryLine/properties/quantity - The format double is not supported by Kiota for the type Number, String and the string type will be used.
Warning: KiotaBuilder OpenAPI warning: #/components/schemas/UsageSummaryLine/properties/customerChargeAmount - The format double is not supported by Kiota for the type Number, String and the string type will be used.
Warning: KiotaBuilder OpenAPI warning: #/components/schemas/UsageSummaryLine/properties/recordCount - The format int32 is not supported by Kiota for the type Integer, String and the string type will be used.
Warning: KiotaBuilder OpenAPI warning: #/components/schemas/UsageSummaryResponse/properties/customerChargeTotal - The format double is not supported by Kiota for the type Number, String and the string type will be used.
Warning: KiotaBuilder OpenAPI warning: #/components/schemas/UsageSummaryResponse/properties/billableQuantityTotal - The format double is not supported by Kiota for the type Number, String and the string type will be used.
Warning: KiotaBuilder OpenAPI warning: #/components/schemas/UsageSummaryResponse/properties/transactionCount - The format int32 is not supported by Kiota for the type Integer, String and the string type will be used.
Warning: KiotaBuilder OpenAPI warning: #/components/schemas/UsageSummaryResponse/properties/pendingInvoiceCount - The format int32 is not supported by Kiota for the type Integer, String and the string type will be used.
Warning: KiotaBuilder OpenAPI warning: #/components/schemas/UsageSummaryResponse/properties/failedCount - The format int32 is not supported by Kiota for the type Integer, String and the string type will be used.
Warning: KiotaBuilder OpenAPI warning: #/components/schemas/UserDataExportFile/properties/rowCount - The format int32 is not supported by Kiota for the type Integer, String and the string type will be used.
Warning: KiotaBuilder OpenAPI warning: #/components/schemas/UserDataExportResponse/properties/sizeBytes - The format int64 is not supported by Kiota for the type Integer, String and the string type will be used.
Warning: KiotaBuilder OpenAPI warning: #/components/schemas/UserDataExportResponse/properties/downloadCount - The format int32 is not supported by Kiota for the type Integer, String and the string type will be used.
Warning: KiotaBuilder OpenAPI warning: #/components/schemas/UserDataExportResponse/properties/maxDownloadCount - The format int32 is not supported by Kiota for the type Integer, String and the string type will be used.
Warning: KiotaBuilder OpenAPI warning: #/components/schemas/WalletResponse/properties/balance - The format double is not supported by Kiota for the type Number, String and the string type will be used.
Warning: KiotaBuilder OpenAPI warning: #/components/schemas/WalletResponse/properties/amountPurchased - The format double is not supported by Kiota for the type Number, String and the string type will be used.
Warning: KiotaBuilder OpenAPI warning: #/components/schemas/WalletResponse/properties/amountRemaining - The format double is not supported by Kiota for the type Number, String and the string type will be used.
Warning: KiotaBuilder OpenAPI warning: #/components/schemas/WalletResponse/properties/nextExpiringCreditAmount - The format double is not supported by Kiota for the type Number, String and the string type will be used.
Warning: KiotaBuilder OpenAPI warning: #/components/schemas/WalletResponse/properties/expiredCreditAmount - The format double is not supported by Kiota for the type Number, String and the string type will be used.
